******************************************************************************
              TMS320C55x Linker PC v4.3.6                      
******************************************************************************
>> Linked Fri Nov 06 16:01:04 2020

OUTPUT FILE NAME:   <Ex3.out>
ENTRY POINT SYMBOL: "_c_int00"  address: 00024a57


MEMORY CONFIGURATION

         name            origin    length      used     unused   attr    fill
                        (bytes)   (bytes)    (bytes)   (bytes)
----------------------  --------  ---------  --------  --------  ----  --------
PAGE 0:
  MMR                   00000000   000000c0  00000000  000000c0  RWIX
  DARAM0                000000c0   0000ff40  00005bda  0000a366  RWIX
  SARAM0                00010000   00010000  00000000  00010000  RWIX
  SARAM1                00020000   00020000  00004b87  0001b479  RWIX
  SARAM2                00040000   0000fe00  0000037a  0000fa86  RWIX
  VECS                  0004fe00   00000200  00000100  00000100  RWIX
  PDROM                 00ff8000   00008000  00000000  00008000  R IX

PAGE 2:
  IOPORT                00000000   00020000  00000000  00020000  RWI 


SECTION ALLOCATION MAP
(Addresses surrounded by []'s are displayed for convenience only!)

output                                                          attributes/
section   page  orgn(bytes) orgn(words) len(bytes) len(words)   input sections
--------  ----  ----------- ----------- ---------- ----------   --------------
.pinit       0   [ 00040000 ]  00020000          *   00000000   UNINITIALIZED

.stack       0   [ 000000c0 ]  00000060          *   00001000   UNINITIALIZED
                 [ 000000c0 ]  00000060          *   00001000   --HOLE--

.data        0   [ 000000c0 ]  00000060          *   00000000   UNINITIALIZED

.sysstack 
*            0   [ 000020c0 ]  00001060          *   00000800   UNINITIALIZED
                 [ 000020c0 ]  00001060          *   00000800   --HOLE--

.sysmem      0   [ 000030c0 ]  00001860          *   00001000   UNINITIALIZED
                 [ 000030c0 ]  00001860          *   00001000   --HOLE--

.bss         0   [ 000050c0 ]  00002860          *   000004a3   UNINITIALIZED
                 [ 000050c0 ]  00002860          *   00000236   main.obj (.bss)
                 [ 0000552c ]  00002a96          *   00000119   rts55x.lib : defs.obj (.bss)
                 [ 0000575e ]  00002baf          *   000000d0              : trgdrv.obj (.bss)
                 [ 000058fe ]  00002c7f          *   00000001              : fopen.obj (.bss)
                 [ 00005900 ]  00002c80          *   00000071              : lowlev.obj (.bss)
                 [ 000059e2 ]  00002cf1          *   00000001   usbstk5515bsl.lib : usbstk5515_i2c.obj (.bss)
                 [ 000059e4 ]  00002cf2          *   00000006   rts55x.lib : memory.obj (.bss)
                 [ 000059f0 ]  00002cf8          *   00000004              : _lock.obj (.bss)
                 [ 000059f8 ]  00002cfc          *   00000004              : exit.obj (.bss)
                 [ 00005a00 ]  00002d00          *   00000003   sar.obj (.bss)

.const.1     0   [ 00005a08 ]  00002d04          *   00000101   
                 [ 00005a08 ]  00002d04          *   00000101   rts55x.lib : ctype.obj (.const:__ctypes_)

.const.2     0   [ 00005c0c ]  00002e06          *   00000043   
                 [ 00005c0c ]  00002e06          *   00000024   rts55x.lib : _printfi.obj (.const:.string)
                 [ 00005c54 ]  00002e2a          *   0000000c              : _printfi.obj (.const)
                 [ 00005c6c ]  00002e36          *   0000000b   main.obj (.const:.string)
                 [ 00005c82 ]  00002e41          *   00000008   rts55x.lib : divd.obj (.const:_initial_approx$1)

.const.3     0   [ 00005c94 ]  00002e4a          *   00000006   
                 [ 00005c94 ]  00002e4a          *   00000002   rts55x.lib : fputs.obj (.const:.string)
                 [ 00005c98 ]  00002e4c          *   00000002              : divd.obj (.const)
                 [ 00005c9c ]  00002e4e          *   00000002              : fltlid.obj (.const)

.text        0     00020000  [ 00010000 ] 00004b87          *   
                   00020000  [ 00010000 ] 00001598          *   rts55x.lib : _printfi.obj (.text)
                   00021598  [ 00010acc ] 00000543          *              : lowlev.obj (.text)
                   00021adb  [ 00010d6d+] 00000528          *              : trgdrv.obj (.text)
                   00022003  [ 00011001+] 000004b5          *              : memory.obj (.text)
                   000224b8  [ 0001125c ] 0000036c          *              : divd.obj (.text)
                   00022824  [ 00011412 ] 000002c2          *   main.obj (.text)
                   00022ae6  [ 00011573 ] 0000027f          *   rts55x.lib : fopen.obj (.text)
                   00022d65  [ 000116b2+] 0000025e          *              : llmpy.obj (.text)
                   00022fc3  [ 000117e1+] 00000259          *              : addd.obj (.text)
                   0002321c  [ 0001190e ] 00000230          *   sar.obj (.text)
                   0002344c  [ 00011a26 ] 0000022d          *   AIC_func.obj (.text)
                   00023679  [ 00011b3c+] 000001ea          *   rts55x.lib : cmpd.obj (.text)
                   00023863  [ 00011c31+] 00000163          *              : fputs.obj (.text)
                   000239c6  [ 00011ce3 ] 00000156          *   usbstk5515bsl.lib : usbstk5515_gpio.obj (.text)
                   00023b1c  [ 00011d8e ] 0000014c          *   rts55x.lib : mpyd.obj (.text)
                   00023c68  [ 00011e34 ] 0000013e          *   usbstk5515bsl.lib : usbstk5515_i2c.obj (.text)
                   00023da6  [ 00011ed3 ] 000000e6          *   rts55x.lib : setvbuf.obj (.text)
                   00023e8c  [ 00011f46 ] 000000dd          *              : _io_perm.obj (.text)
                   00023f69  [ 00011fb4+] 000000c8          *              : frcmpyd_div.obj (.text)
                   00024031  [ 00012018+] 000000c2          *   hadamard.obj (.text)
                   000240f3  [ 00012079+] 000000c2          *   rts55x.lib : fflush.obj (.text)
                   000241b5  [ 000120da+] 000000ba          *              : trgmsg.obj (.text:CIO_breakpoint)
                   0002426f  [ 00012137+] 000000a6          *              : fputc.obj (.text)
                   00024315  [ 0001218a+] 000000a1          *              : divul.obj (.text)
                   000243b6  [ 000121db ] 0000007d          *              : ltoa.obj (.text)
                   00024433  [ 00012219+] 0000007b          *              : fclose.obj (.text)
                   000244ae  [ 00012257 ] 00000076          *              : frcmpyd.obj (.text)
                   00024524  [ 00012292 ] 00000072          *              : remul.obj (.text)
                   00024596  [ 000122cb ] 0000006f          *              : fixdli.obj (.text)
                   00024605  [ 00012302+] 0000006d          *              : trgmsg.obj (.text)
                   00024672  [ 00012339 ] 0000006b          *   55xdspx_LARGE.lib : fir.obj (.text)
                   000246dd  [ 0001236e+] 0000006b          *   rts55x.lib : fseek.obj (.text)
                   00024748  [ 000123a4 ] 00000067          *              : fltlid.obj (.text)
                   000247af  [ 000123d7+] 0000005c          *              : atoi.obj (.text)
                   0002480b  [ 00012405+] 00000054          *   usbstk5515bsl.lib : usbstk5515.obj (.text)
                   0002485f  [ 0001242f+] 00000050          *   rts55x.lib : printf.obj (.text)
                   000248af  [ 00012457+] 0000004d          *              : autoinit.obj (.text)
                   000248fc  [ 0001247e ] 0000004b          *              : args_main.obj (.text)
                   00024947  [ 000124a3+] 0000004b          *              : remli.obj (.text)
                   00024992  [ 000124c9 ] 00000048          *              : divli.obj (.text)
                   000249da  [ 000124ed ] 0000003f          *              : memcpy.obj (.text)
                   00024a19  [ 0001250c+] 0000003e          *              : exit.obj (.text)
                   00024a57  [ 0001252b+] 00000034          *              : boot.obj (.text)
                   00024a8b  [ 00012545+] 0000002a          *              : fixdi.obj (.text)
                   00024ab5  [ 0001255a+] 0000002a          *              : udiv.obj (.text)
                   00024adf  [ 0001256f+] 00000023          *              : memccpy.obj (.text)
                   00024b02  [ 00012581 ] 0000001c          *              : isinf.obj (.text)
                   00024b1e  [ 0001258f ] 00000014          *              : subd.obj (.text)
                   00024b32  [ 00012599 ] 00000013          *              : lmpy.obj (.text)
                   00024b45  [ 000125a2+] 00000012          *              : _lock.obj (.text)
                   00024b57  [ 000125ab+] 00000010          *              : negd.obj (.text)
                   00024b67  [ 000125b3+] 0000000c          *              : fltid.obj (.text)
                   00024b73  [ 000125b9+] 0000000a          *              : remove.obj (.text)
                   00024b7d  [ 000125be+] 00000007          *              : exit.obj (.text:CIO_breakpoint)
                   00024b84  [ 000125c2 ] 00000002          *              : vectors.obj (.text)
                   00024b86  [ 000125c3 ] 00000001          *   --HOLE-- [fill = 20]

.cio         0   [ 00040000 ]  00020000          *   00000120   UNINITIALIZED
                 [ 00040000 ]  00020000          *   00000120   rts55x.lib : trgmsg.obj (.cio)

.cinit       0   [ 00040240 ]  00020120          *   0000009d   
                 [ 00040240 ]  00020120          *   0000002d   rts55x.lib : lowlev.obj (.cinit)
                 [ 0004029a ]  0002014d          *   0000002a              : defs.obj (.cinit)
                 [ 000402ee ]  00020177          *   00000019   main.obj (.cinit)
                 [ 00040320 ]  00020190          *   0000000c   sar.obj (.cinit)
                 [ 00040338 ]  0002019c          *   0000000a   rts55x.lib : _lock.obj (.cinit)
                 [ 0004034c ]  000201a6          *   0000000a              : exit.obj (.cinit)
                 [ 00040360 ]  000201b0          *   00000004              : fopen.obj (.cinit)
                 [ 00040368 ]  000201b4          *   00000004              : memory.obj (.cinit)
                 [ 00040370 ]  000201b8          *   00000004   usbstk5515bsl.lib : usbstk5515_i2c.obj (.cinit)
                 [ 00040378 ]  000201bc          *   00000001   --HOLE-- [fill = 0]

vectors      0     0004fe00  [ 00027f00 ] 00000100          *   
                   0004fe00  [ 00027f00 ] 00000100          *   rts55x.lib : vectors.obj (vectors)


GLOBAL SYMBOLS: SORTED ALPHABETICALLY BY Name 

abs. value/
byte addr   word addr   name
---------   ---------   ----
00000002                $TI_capability$C5500$CallingConvention
00000002                $TI_capability$C5500$MemoryModel
00000001                $TI_capability_requires_rev3
ffffffff                .bss
ffffffff                .data
ffffffff                .text
00024b7e                C$$EXIT
0002426a                C$$IO$$
00024b32                I$$LMPY
00024ab5                I$$UDIV
00024aca                I$$UMOD
0002344c                _AIC3204_rset
0002346e                _AIC_init
00023672                _AIC_off
0002360c                _AIC_read2
0002364d                _AIC_write2
000233ae                _Get_Key_Human
000232a5                _Get_Sar_Key
00021fa5                _HOSTclock
00021f3a                _HOSTclose
00021e85                _HOSTlseek
00021de6                _HOSTopen
00021d59                _HOSTread
00021cab                _HOSTrename
00021c4d                _HOSTtime
00021be3                _HOSTunlink
00021b56                _HOSTwrite
0002321c                _Init_SAR
00023234                _Read_GPAIN1
0004fe00                _Reset
00023ac4                _USBSTK5515_GPIO_getInput
000239c6                _USBSTK5515_GPIO_init
000239ca                _USBSTK5515_GPIO_setDirection
00023a47                _USBSTK5515_GPIO_setOutput
00023c87                _USBSTK5515_I2C_close
00023c68                _USBSTK5515_I2C_init
00023d2d                _USBSTK5515_I2C_read
00023c90                _USBSTK5515_I2C_reset
00023c9e                _USBSTK5515_I2C_write
00024851                _USBSTK5515_init
0002480b                _USBSTK5515_wait
0002483f                _USBSTK5515_waitusec
            00020000    __CIOBUF_
            00001060    __STACK_END
00002000                __STACK_SIZE
00002000                __SYSMEM_SIZE
00001000                __SYSSTACK_SIZE
ffffffff                ___binit__
ffffffff                ___bss__
ffffffff                ___c_args__
            00020120    ___cinit__
ffffffff                ___data__
ffffffff                ___edata__
ffffffff                ___end__
ffffffff                ___etext__
00024b02                ___isinf
ffffffff                ___pinit__
ffffffff                ___text__
00022fc3                __addd
000248fc                __args_main
00022c07                __cleanup
            00002cfc    __cleanup_ptr
0002380b                __cmpd
            00002d04    __ctypes_
000224da                __divd
00024992                __divli
00022f8e                __divlli
00024ab5                __divu
00024315                __divul
00022e9a                __divull
000240f3                __doflush
            00002cfe    __dtors_ptr
000237d7                __eqld
00024a8b                __fixdi
00024596                __fixdli
00024b67                __fltid
00024748                __fltlid
000244ae                __frcmpyd
00023f69                __frcmpyd_div
            00002bae    __ft_end
            00002a96    __ftable
0002378d                __geqd
00023742                __gtrd
000236f5                __leqd
            00002cf8    __lock
000236ad                __lssd
00023b1c                __mpyd
00024b32                __mpyli
00022de2                __mpylli
00024b57                __negd
00023679                __neqd
00024b55                __nop
00021356                __printfi
00023f0c                __rd_ok
00024b4d                __register_lock
00024b45                __register_unlock
00024947                __remli
00022db3                __remlli
00024aca                __remu
00024524                __remul
00022d65                __remull
            00000060    __stack
00024b1e                __subd
            00001860    __sys_memory
            00001060    __sysstack
            00002b0e    __tmpnams
            00002cfa    __unlock
00023e8c                __wrt_ok
00024b7d                _abort
000219eb                _add_device
000247af                _atoi
000248af                _auto_init
            00002975    _buffer
00024a57                _c_int00
00022492                _calloc
0002248a                _chkheap
00021978                _close
            00002a95    _dummy
00024a19                _exit
00024433                _fclose
0002415c                _fflush
0002196f                _find_registered_device
00024672                _fir
00022d2a                _fopen
0002426f                _fputc
00023863                _fputs
00022003                _free
00022434                _free_memory
00022c61                _freopen
000246dd                _fseek
00021adb                _getenv
            00002865    _h
00024031                _hadamard
            00002cf1    _i2c_timeout
            00002d01    _keyCnt1
            00002d02    _keyCnt2
00021909                _lseek
000243b6                _ltoa
0002286f                _main
00022134                _malloc
000223da                _max_free
00024adf                _memccpy
000249da                _memcpy
000220cf                _minit
            00002860    _mode
            00002861    _old_mode
0002184a                _open
            00002965    _out
            00002d00    _preKey
0002485f                _printf
0002426f                _putc
00024306                _putchar
00023998                _puts
0002179c                _read
00024605                _readmsg
00022229                _realloc
00024b73                _remove
00021766                _remove_device
0002170d                _rename
            00002862    _scale
00022824                _set_mode
00023da6                _setvbuf
000216da                _unlink
00021598                _write
000241b5                _writemsg
            00002864    _x
ffffffff                binit
            00020120    cinit
ffffffff                edata
ffffffff                end
ffffffff                etext
ffffffff                pinit


GLOBAL SYMBOLS: SORTED BY Symbol Address 

abs. value/
byte addr   word addr   name
---------   ---------   ----
00000001                $TI_capability_requires_rev3
00000002                $TI_capability$C5500$CallingConvention
00000002                $TI_capability$C5500$MemoryModel
            00000060    __stack
00001000                __SYSSTACK_SIZE
00002000                __STACK_SIZE
00002000                __SYSMEM_SIZE
            00001060    __STACK_END
            00001060    __sysstack
            00001860    __sys_memory
            00002860    _mode
            00002861    _old_mode
            00002862    _scale
            00002864    _x
            00002865    _h
            00002965    _out
            00002975    _buffer
            00002a95    _dummy
            00002a96    __ftable
            00002b0e    __tmpnams
            00002bae    __ft_end
            00002cf1    _i2c_timeout
            00002cf8    __lock
            00002cfa    __unlock
            00002cfc    __cleanup_ptr
            00002cfe    __dtors_ptr
            00002d00    _preKey
            00002d01    _keyCnt1
            00002d02    _keyCnt2
            00002d04    __ctypes_
00021356                __printfi
00021598                _write
000216da                _unlink
0002170d                _rename
00021766                _remove_device
0002179c                _read
0002184a                _open
00021909                _lseek
0002196f                _find_registered_device
00021978                _close
000219eb                _add_device
00021adb                _getenv
00021b56                _HOSTwrite
00021be3                _HOSTunlink
00021c4d                _HOSTtime
00021cab                _HOSTrename
00021d59                _HOSTread
00021de6                _HOSTopen
00021e85                _HOSTlseek
00021f3a                _HOSTclose
00021fa5                _HOSTclock
00022003                _free
000220cf                _minit
00022134                _malloc
00022229                _realloc
000223da                _max_free
00022434                _free_memory
0002248a                _chkheap
00022492                _calloc
000224da                __divd
00022824                _set_mode
0002286f                _main
00022c07                __cleanup
00022c61                _freopen
00022d2a                _fopen
00022d65                __remull
00022db3                __remlli
00022de2                __mpylli
00022e9a                __divull
00022f8e                __divlli
00022fc3                __addd
0002321c                _Init_SAR
00023234                _Read_GPAIN1
000232a5                _Get_Sar_Key
000233ae                _Get_Key_Human
0002344c                _AIC3204_rset
0002346e                _AIC_init
0002360c                _AIC_read2
0002364d                _AIC_write2
00023672                _AIC_off
00023679                __neqd
000236ad                __lssd
000236f5                __leqd
00023742                __gtrd
0002378d                __geqd
000237d7                __eqld
0002380b                __cmpd
00023863                _fputs
00023998                _puts
000239c6                _USBSTK5515_GPIO_init
000239ca                _USBSTK5515_GPIO_setDirection
00023a47                _USBSTK5515_GPIO_setOutput
00023ac4                _USBSTK5515_GPIO_getInput
00023b1c                __mpyd
00023c68                _USBSTK5515_I2C_init
00023c87                _USBSTK5515_I2C_close
00023c90                _USBSTK5515_I2C_reset
00023c9e                _USBSTK5515_I2C_write
00023d2d                _USBSTK5515_I2C_read
00023da6                _setvbuf
00023e8c                __wrt_ok
00023f0c                __rd_ok
00023f69                __frcmpyd_div
00024031                _hadamard
000240f3                __doflush
0002415c                _fflush
000241b5                _writemsg
0002426a                C$$IO$$
0002426f                _fputc
0002426f                _putc
00024306                _putchar
00024315                __divul
000243b6                _ltoa
00024433                _fclose
000244ae                __frcmpyd
00024524                __remul
00024596                __fixdli
00024605                _readmsg
00024672                _fir
000246dd                _fseek
00024748                __fltlid
000247af                _atoi
0002480b                _USBSTK5515_wait
0002483f                _USBSTK5515_waitusec
00024851                _USBSTK5515_init
0002485f                _printf
000248af                _auto_init
000248fc                __args_main
00024947                __remli
00024992                __divli
000249da                _memcpy
00024a19                _exit
00024a57                _c_int00
00024a8b                __fixdi
00024ab5                I$$UDIV
00024ab5                __divu
00024aca                I$$UMOD
00024aca                __remu
00024adf                _memccpy
00024b02                ___isinf
00024b1e                __subd
00024b32                I$$LMPY
00024b32                __mpyli
00024b45                __register_unlock
00024b4d                __register_lock
00024b55                __nop
00024b57                __negd
00024b67                __fltid
00024b73                _remove
00024b7d                _abort
00024b7e                C$$EXIT
            00020000    __CIOBUF_
            00020120    ___cinit__
            00020120    cinit
0004fe00                _Reset
ffffffff                .bss
ffffffff                .data
ffffffff                .text
ffffffff                ___binit__
ffffffff                ___bss__
ffffffff                ___c_args__
ffffffff                ___data__
ffffffff                ___edata__
ffffffff                ___end__
ffffffff                ___etext__
ffffffff                ___pinit__
ffffffff                ___text__
ffffffff                binit
ffffffff                edata
ffffffff                end
ffffffff                etext
ffffffff                pinit

[172 symbols]
